// Jest Snapshot v1, https://goo.gl/fbAQLP

exports[`VodRecFallbackForm should render 1`] = `
HTMLCollection [
  <div
    class="css-b33b91"
  >
    <form
      action="#"
    >
      <div
        class="MuiGrid-root MuiGrid-container MuiGrid-spacing-xs-1.5 css-acctgf-MuiGrid-root"
      >
        <div
          class="MuiGrid-root MuiGrid-item MuiGrid-grid-xs-12 css-1em9ut6-MuiGrid-root"
        >
          <div
            class="css-gg4vpm"
          >
            <div
              class="css-lccpzd"
              data-test="61GU2"
              data-test-slot="fallback-slot"
            >
              <div
                class="MuiBox-root css-1c6wt7s"
              >
                <button
                  class="MuiButtonBase-root MuiIconButton-root MuiIconButton-sizeMedium css-1ci55s3-MuiButtonBase-root-MuiIconButton-root"
                  tabindex="0"
                  type="button"
                >
                  <svg
                    aria-hidden="true"
                    class="MuiSvgIcon-root MuiSvgIcon-colorError MuiSvgIcon-fontSizeSmall css-1efkf0c-MuiSvgIcon-root"
                    data-testid="ClearIcon"
                    focusable="false"
                    viewBox="0 0 24 24"
                  >
                    <path
                      d="M19 6.41 17.59 5 12 10.59 6.41 5 5 6.41 10.59 12 5 17.59 6.41 19 12 13.41 17.59 19 19 17.59 13.41 12z"
                    />
                  </svg>
                  <span
                    class="MuiTouchRipple-root css-8je8zh-MuiTouchRipple-root"
                  />
                </button>
                
                <div
                  class="MuiBox-root css-1agjfwn"
                >
                  <svg
                    aria-hidden="true"
                    class="MuiSvgIcon-root MuiSvgIcon-fontSizeMedium css-lusxqg-MuiSvgIcon-root"
                    data-testid="ImageNotSupportedIcon"
                    focusable="false"
                    viewBox="0 0 24 24"
                  >
                    <path
                      d="m21.9 21.9-8.49-8.49-9.82-9.82L2.1 2.1.69 3.51 3 5.83V19c0 1.1.9 2 2 2h13.17l2.31 2.31 1.42-1.41zM5 18l3.5-4.5 2.5 3.01L12.17 15l3 3H5zm16 .17L5.83 3H19c1.1 0 2 .9 2 2v13.17z"
                    />
                  </svg>
                </div>
              </div>
              <p
                class="MuiTypography-root MuiTypography-body1 MuiTypography-noWrap css-zy8lap-MuiTypography-root"
                data-test="event-title"
              >
                <span>
                  <b>
                    La valle incantata
                  </b>
                </span>
              </p>
              <p
                class="MuiTypography-root MuiTypography-body1 MuiTypography-noWrap css-zy8lap-MuiTypography-root"
                data-test="event-startProgram"
              >
                24.12.2021 13:00
              </p>
              <p
                class="MuiTypography-root MuiTypography-body1 MuiTypography-noWrap css-zy8lap-MuiTypography-root"
                data-test="event-endProgram"
              >
                24.12.2022 16:00
              </p>
            </div>
            <div
              class="css-lccpzd"
              data-test="61GU3"
              data-test-slot="fallback-slot"
            >
              <div
                class="MuiBox-root css-1c6wt7s"
              >
                <button
                  class="MuiButtonBase-root MuiIconButton-root MuiIconButton-sizeMedium css-1ci55s3-MuiButtonBase-root-MuiIconButton-root"
                  tabindex="0"
                  type="button"
                >
                  <svg
                    aria-hidden="true"
                    class="MuiSvgIcon-root MuiSvgIcon-colorError MuiSvgIcon-fontSizeSmall css-1efkf0c-MuiSvgIcon-root"
                    data-testid="ClearIcon"
                    focusable="false"
                    viewBox="0 0 24 24"
                  >
                    <path
                      d="M19 6.41 17.59 5 12 10.59 6.41 5 5 6.41 10.59 12 5 17.59 6.41 19 12 13.41 17.59 19 19 17.59 13.41 12z"
                    />
                  </svg>
                  <span
                    class="MuiTouchRipple-root css-8je8zh-MuiTouchRipple-root"
                  />
                </button>
                
                <div
                  class="MuiBox-root css-1agjfwn"
                >
                  <svg
                    aria-hidden="true"
                    class="MuiSvgIcon-root MuiSvgIcon-fontSizeMedium css-lusxqg-MuiSvgIcon-root"
                    data-testid="ImageNotSupportedIcon"
                    focusable="false"
                    viewBox="0 0 24 24"
                  >
                    <path
                      d="m21.9 21.9-8.49-8.49-9.82-9.82L2.1 2.1.69 3.51 3 5.83V19c0 1.1.9 2 2 2h13.17l2.31 2.31 1.42-1.41zM5 18l3.5-4.5 2.5 3.01L12.17 15l3 3H5zm16 .17L5.83 3H19c1.1 0 2 .9 2 2v13.17z"
                    />
                  </svg>
                </div>
              </div>
              <p
                class="MuiTypography-root MuiTypography-body1 MuiTypography-noWrap css-zy8lap-MuiTypography-root"
                data-test="event-title"
              >
                <span>
                  <b>
                    The Truman Show 2
                  </b>
                </span>
              </p>
              <p
                class="MuiTypography-root MuiTypography-body1 MuiTypography-noWrap css-zy8lap-MuiTypography-root"
                data-test="event-startProgram"
              >
                24.12.2021 13:00
              </p>
              <p
                class="MuiTypography-root MuiTypography-body1 MuiTypography-noWrap css-zy8lap-MuiTypography-root"
                data-test="event-endProgram"
              >
                24.12.2022 16:00
              </p>
            </div>
            <div
              class="css-lccpzd"
              data-test="61GU4"
              data-test-slot="fallback-slot"
            >
              <div
                class="MuiBox-root css-1c6wt7s"
              >
                <button
                  class="MuiButtonBase-root MuiIconButton-root MuiIconButton-sizeMedium css-1ci55s3-MuiButtonBase-root-MuiIconButton-root"
                  tabindex="0"
                  type="button"
                >
                  <svg
                    aria-hidden="true"
                    class="MuiSvgIcon-root MuiSvgIcon-colorError MuiSvgIcon-fontSizeSmall css-1efkf0c-MuiSvgIcon-root"
                    data-testid="ClearIcon"
                    focusable="false"
                    viewBox="0 0 24 24"
                  >
                    <path
                      d="M19 6.41 17.59 5 12 10.59 6.41 5 5 6.41 10.59 12 5 17.59 6.41 19 12 13.41 17.59 19 19 17.59 13.41 12z"
                    />
                  </svg>
                  <span
                    class="MuiTouchRipple-root css-8je8zh-MuiTouchRipple-root"
                  />
                </button>
                
                <div
                  class="MuiBox-root css-1agjfwn"
                >
                  <svg
                    aria-hidden="true"
                    class="MuiSvgIcon-root MuiSvgIcon-fontSizeMedium css-lusxqg-MuiSvgIcon-root"
                    data-testid="ImageNotSupportedIcon"
                    focusable="false"
                    viewBox="0 0 24 24"
                  >
                    <path
                      d="m21.9 21.9-8.49-8.49-9.82-9.82L2.1 2.1.69 3.51 3 5.83V19c0 1.1.9 2 2 2h13.17l2.31 2.31 1.42-1.41zM5 18l3.5-4.5 2.5 3.01L12.17 15l3 3H5zm16 .17L5.83 3H19c1.1 0 2 .9 2 2v13.17z"
                    />
                  </svg>
                </div>
              </div>
              <p
                class="MuiTypography-root MuiTypography-body1 MuiTypography-noWrap css-zy8lap-MuiTypography-root"
                data-test="event-title"
              >
                <span>
                  <b>
                    I mercenari
                  </b>
                </span>
              </p>
              <p
                class="MuiTypography-root MuiTypography-body1 MuiTypography-noWrap css-zy8lap-MuiTypography-root"
                data-test="event-startProgram"
              >
                24.12.2021 13:00
              </p>
              <p
                class="MuiTypography-root MuiTypography-body1 MuiTypography-noWrap css-zy8lap-MuiTypography-root"
                data-test="event-endProgram"
              >
                24.12.2022 16:00
              </p>
            </div>
            <div
              class="css-lccpzd"
              data-test="61GU5"
              data-test-slot="fallback-slot"
            >
              <div
                class="MuiBox-root css-1c6wt7s"
              >
                <button
                  class="MuiButtonBase-root MuiIconButton-root MuiIconButton-sizeMedium css-1ci55s3-MuiButtonBase-root-MuiIconButton-root"
                  tabindex="0"
                  type="button"
                >
                  <svg
                    aria-hidden="true"
                    class="MuiSvgIcon-root MuiSvgIcon-colorError MuiSvgIcon-fontSizeSmall css-1efkf0c-MuiSvgIcon-root"
                    data-testid="ClearIcon"
                    focusable="false"
                    viewBox="0 0 24 24"
                  >
                    <path
                      d="M19 6.41 17.59 5 12 10.59 6.41 5 5 6.41 10.59 12 5 17.59 6.41 19 12 13.41 17.59 19 19 17.59 13.41 12z"
                    />
                  </svg>
                  <span
                    class="MuiTouchRipple-root css-8je8zh-MuiTouchRipple-root"
                  />
                </button>
                
                <div
                  class="MuiBox-root css-1agjfwn"
                >
                  <svg
                    aria-hidden="true"
                    class="MuiSvgIcon-root MuiSvgIcon-fontSizeMedium css-lusxqg-MuiSvgIcon-root"
                    data-testid="ImageNotSupportedIcon"
                    focusable="false"
                    viewBox="0 0 24 24"
                  >
                    <path
                      d="m21.9 21.9-8.49-8.49-9.82-9.82L2.1 2.1.69 3.51 3 5.83V19c0 1.1.9 2 2 2h13.17l2.31 2.31 1.42-1.41zM5 18l3.5-4.5 2.5 3.01L12.17 15l3 3H5zm16 .17L5.83 3H19c1.1 0 2 .9 2 2v13.17z"
                    />
                  </svg>
                </div>
              </div>
              <p
                class="MuiTypography-root MuiTypography-body1 MuiTypography-noWrap css-zy8lap-MuiTypography-root"
                data-test="event-title"
              >
                <span>
                  <b>
                    Rogue one
                  </b>
                </span>
              </p>
              <p
                class="MuiTypography-root MuiTypography-body1 MuiTypography-noWrap css-zy8lap-MuiTypography-root"
                data-test="event-startProgram"
              >
                24.12.2021 13:00
              </p>
              <p
                class="MuiTypography-root MuiTypography-body1 MuiTypography-noWrap css-zy8lap-MuiTypography-root"
                data-test="event-endProgram"
              >
                24.12.2022 16:00
              </p>
            </div>
            <div
              class="css-lccpzd"
              data-test="61P1"
              data-test-slot="fallback-slot"
            >
              <div
                class="MuiBox-root css-1c6wt7s"
              >
                <button
                  class="MuiButtonBase-root MuiIconButton-root MuiIconButton-sizeMedium css-1ci55s3-MuiButtonBase-root-MuiIconButton-root"
                  tabindex="0"
                  type="button"
                >
                  <svg
                    aria-hidden="true"
                    class="MuiSvgIcon-root MuiSvgIcon-colorError MuiSvgIcon-fontSizeSmall css-1efkf0c-MuiSvgIcon-root"
                    data-testid="ClearIcon"
                    focusable="false"
                    viewBox="0 0 24 24"
                  >
                    <path
                      d="M19 6.41 17.59 5 12 10.59 6.41 5 5 6.41 10.59 12 5 17.59 6.41 19 12 13.41 17.59 19 19 17.59 13.41 12z"
                    />
                  </svg>
                  <span
                    class="MuiTouchRipple-root css-8je8zh-MuiTouchRipple-root"
                  />
                </button>
                
                <div
                  class="MuiBox-root css-1agjfwn"
                >
                  <svg
                    aria-hidden="true"
                    class="MuiSvgIcon-root MuiSvgIcon-fontSizeMedium css-lusxqg-MuiSvgIcon-root"
                    data-testid="ImageNotSupportedIcon"
                    focusable="false"
                    viewBox="0 0 24 24"
                  >
                    <path
                      d="m21.9 21.9-8.49-8.49-9.82-9.82L2.1 2.1.69 3.51 3 5.83V19c0 1.1.9 2 2 2h13.17l2.31 2.31 1.42-1.41zM5 18l3.5-4.5 2.5 3.01L12.17 15l3 3H5zm16 .17L5.83 3H19c1.1 0 2 .9 2 2v13.17z"
                    />
                  </svg>
                </div>
              </div>
              <p
                class="MuiTypography-root MuiTypography-body1 MuiTypography-noWrap css-zy8lap-MuiTypography-root"
                data-test="event-title"
              >
                <span>
                  <b>
                    Doom
                  </b>
                </span>
              </p>
              <p
                class="MuiTypography-root MuiTypography-body1 MuiTypography-noWrap css-zy8lap-MuiTypography-root"
                data-test="event-startProgram"
              >
                24.12.2021 13:00
              </p>
              <p
                class="MuiTypography-root MuiTypography-body1 MuiTypography-noWrap css-zy8lap-MuiTypography-root"
                data-test="event-endProgram"
              >
                24.12.2022 16:00
              </p>
            </div>
          </div>
        </div>
        <div
          class="MuiGrid-root MuiGrid-item MuiGrid-grid-xs-12 css-1em9ut6-MuiGrid-root"
        >
          <div
            class="css-gg4vpm"
          >
            <div
              class="css-lccpzd"
              data-test="61GP2"
              data-test-slot="fallback-slot"
            >
              <div
                class="MuiBox-root css-1c6wt7s"
              >
                <button
                  class="MuiButtonBase-root MuiIconButton-root MuiIconButton-sizeMedium css-1ci55s3-MuiButtonBase-root-MuiIconButton-root"
                  tabindex="0"
                  type="button"
                >
                  <svg
                    aria-hidden="true"
                    class="MuiSvgIcon-root MuiSvgIcon-colorError MuiSvgIcon-fontSizeSmall css-1efkf0c-MuiSvgIcon-root"
                    data-testid="ClearIcon"
                    focusable="false"
                    viewBox="0 0 24 24"
                  >
                    <path
                      d="M19 6.41 17.59 5 12 10.59 6.41 5 5 6.41 10.59 12 5 17.59 6.41 19 12 13.41 17.59 19 19 17.59 13.41 12z"
                    />
                  </svg>
                  <span
                    class="MuiTouchRipple-root css-8je8zh-MuiTouchRipple-root"
                  />
                </button>
                
                <div
                  class="MuiBox-root css-1agjfwn"
                >
                  <svg
                    aria-hidden="true"
                    class="MuiSvgIcon-root MuiSvgIcon-fontSizeMedium css-lusxqg-MuiSvgIcon-root"
                    data-testid="ImageNotSupportedIcon"
                    focusable="false"
                    viewBox="0 0 24 24"
                  >
                    <path
                      d="m21.9 21.9-8.49-8.49-9.82-9.82L2.1 2.1.69 3.51 3 5.83V19c0 1.1.9 2 2 2h13.17l2.31 2.31 1.42-1.41zM5 18l3.5-4.5 2.5 3.01L12.17 15l3 3H5zm16 .17L5.83 3H19c1.1 0 2 .9 2 2v13.17z"
                    />
                  </svg>
                </div>
              </div>
              <p
                class="MuiTypography-root MuiTypography-body1 MuiTypography-noWrap css-zy8lap-MuiTypography-root"
                data-test="event-title"
              >
                <span>
                  <b>
                    La valle incantata 2
                  </b>
                </span>
              </p>
              <p
                class="MuiTypography-root MuiTypography-body1 MuiTypography-noWrap css-zy8lap-MuiTypography-root"
                data-test="event-startProgram"
              >
                24.12.2021 13:00
              </p>
              <p
                class="MuiTypography-root MuiTypography-body1 MuiTypography-noWrap css-zy8lap-MuiTypography-root"
                data-test="event-endProgram"
              >
                24.12.2022 16:00
              </p>
            </div>
            <div
              class="css-lccpzd"
              data-test="61GP3"
              data-test-slot="fallback-slot"
            >
              <div
                class="MuiBox-root css-1c6wt7s"
              >
                <button
                  class="MuiButtonBase-root MuiIconButton-root MuiIconButton-sizeMedium css-1ci55s3-MuiButtonBase-root-MuiIconButton-root"
                  tabindex="0"
                  type="button"
                >
                  <svg
                    aria-hidden="true"
                    class="MuiSvgIcon-root MuiSvgIcon-colorError MuiSvgIcon-fontSizeSmall css-1efkf0c-MuiSvgIcon-root"
                    data-testid="ClearIcon"
                    focusable="false"
                    viewBox="0 0 24 24"
                  >
                    <path
                      d="M19 6.41 17.59 5 12 10.59 6.41 5 5 6.41 10.59 12 5 17.59 6.41 19 12 13.41 17.59 19 19 17.59 13.41 12z"
                    />
                  </svg>
                  <span
                    class="MuiTouchRipple-root css-8je8zh-MuiTouchRipple-root"
                  />
                </button>
                
                <div
                  class="MuiBox-root css-1agjfwn"
                >
                  <svg
                    aria-hidden="true"
                    class="MuiSvgIcon-root MuiSvgIcon-fontSizeMedium css-lusxqg-MuiSvgIcon-root"
                    data-testid="ImageNotSupportedIcon"
                    focusable="false"
                    viewBox="0 0 24 24"
                  >
                    <path
                      d="m21.9 21.9-8.49-8.49-9.82-9.82L2.1 2.1.69 3.51 3 5.83V19c0 1.1.9 2 2 2h13.17l2.31 2.31 1.42-1.41zM5 18l3.5-4.5 2.5 3.01L12.17 15l3 3H5zm16 .17L5.83 3H19c1.1 0 2 .9 2 2v13.17z"
                    />
                  </svg>
                </div>
              </div>
              <p
                class="MuiTypography-root MuiTypography-body1 MuiTypography-noWrap css-zy8lap-MuiTypography-root"
                data-test="event-title"
              >
                <span>
                  <b>
                    Se mi lasci ti cancello
                  </b>
                </span>
              </p>
              <p
                class="MuiTypography-root MuiTypography-body1 MuiTypography-noWrap css-zy8lap-MuiTypography-root"
                data-test="event-startProgram"
              >
                24.12.2021 13:00
              </p>
              <p
                class="MuiTypography-root MuiTypography-body1 MuiTypography-noWrap css-zy8lap-MuiTypography-root"
                data-test="event-endProgram"
              >
                24.12.2022 16:00
              </p>
            </div>
            <div
              class="css-lccpzd"
              data-test="61GP4"
              data-test-slot="fallback-slot"
            >
              <div
                class="MuiBox-root css-1c6wt7s"
              >
                <button
                  class="MuiButtonBase-root MuiIconButton-root MuiIconButton-sizeMedium css-1ci55s3-MuiButtonBase-root-MuiIconButton-root"
                  tabindex="0"
                  type="button"
                >
                  <svg
                    aria-hidden="true"
                    class="MuiSvgIcon-root MuiSvgIcon-colorError MuiSvgIcon-fontSizeSmall css-1efkf0c-MuiSvgIcon-root"
                    data-testid="ClearIcon"
                    focusable="false"
                    viewBox="0 0 24 24"
                  >
                    <path
                      d="M19 6.41 17.59 5 12 10.59 6.41 5 5 6.41 10.59 12 5 17.59 6.41 19 12 13.41 17.59 19 19 17.59 13.41 12z"
                    />
                  </svg>
                  <span
                    class="MuiTouchRipple-root css-8je8zh-MuiTouchRipple-root"
                  />
                </button>
                
                <div
                  class="MuiBox-root css-1agjfwn"
                >
                  <svg
                    aria-hidden="true"
                    class="MuiSvgIcon-root MuiSvgIcon-fontSizeMedium css-lusxqg-MuiSvgIcon-root"
                    data-testid="ImageNotSupportedIcon"
                    focusable="false"
                    viewBox="0 0 24 24"
                  >
                    <path
                      d="m21.9 21.9-8.49-8.49-9.82-9.82L2.1 2.1.69 3.51 3 5.83V19c0 1.1.9 2 2 2h13.17l2.31 2.31 1.42-1.41zM5 18l3.5-4.5 2.5 3.01L12.17 15l3 3H5zm16 .17L5.83 3H19c1.1 0 2 .9 2 2v13.17z"
                    />
                  </svg>
                </div>
              </div>
              <p
                class="MuiTypography-root MuiTypography-body1 MuiTypography-noWrap css-zy8lap-MuiTypography-root"
                data-test="event-title"
              >
                <span>
                  <b>
                    I mercenari 2
                  </b>
                </span>
              </p>
              <p
                class="MuiTypography-root MuiTypography-body1 MuiTypography-noWrap css-zy8lap-MuiTypography-root"
                data-test="event-startProgram"
              >
                24.12.2021 13:00
              </p>
              <p
                class="MuiTypography-root MuiTypography-body1 MuiTypography-noWrap css-zy8lap-MuiTypography-root"
                data-test="event-endProgram"
              >
                24.12.2022 16:00
              </p>
            </div>
            <div
              class="css-lccpzd"
              data-test="61GP5"
              data-test-slot="fallback-slot"
            >
              <div
                class="MuiBox-root css-1c6wt7s"
              >
                <button
                  class="MuiButtonBase-root MuiIconButton-root MuiIconButton-sizeMedium css-1ci55s3-MuiButtonBase-root-MuiIconButton-root"
                  tabindex="0"
                  type="button"
                >
                  <svg
                    aria-hidden="true"
                    class="MuiSvgIcon-root MuiSvgIcon-colorError MuiSvgIcon-fontSizeSmall css-1efkf0c-MuiSvgIcon-root"
                    data-testid="ClearIcon"
                    focusable="false"
                    viewBox="0 0 24 24"
                  >
                    <path
                      d="M19 6.41 17.59 5 12 10.59 6.41 5 5 6.41 10.59 12 5 17.59 6.41 19 12 13.41 17.59 19 19 17.59 13.41 12z"
                    />
                  </svg>
                  <span
                    class="MuiTouchRipple-root css-8je8zh-MuiTouchRipple-root"
                  />
                </button>
                
                <div
                  class="MuiBox-root css-1agjfwn"
                >
                  <svg
                    aria-hidden="true"
                    class="MuiSvgIcon-root MuiSvgIcon-fontSizeMedium css-lusxqg-MuiSvgIcon-root"
                    data-testid="ImageNotSupportedIcon"
                    focusable="false"
                    viewBox="0 0 24 24"
                  >
                    <path
                      d="m21.9 21.9-8.49-8.49-9.82-9.82L2.1 2.1.69 3.51 3 5.83V19c0 1.1.9 2 2 2h13.17l2.31 2.31 1.42-1.41zM5 18l3.5-4.5 2.5 3.01L12.17 15l3 3H5zm16 .17L5.83 3H19c1.1 0 2 .9 2 2v13.17z"
                    />
                  </svg>
                </div>
              </div>
              <p
                class="MuiTypography-root MuiTypography-body1 MuiTypography-noWrap css-zy8lap-MuiTypography-root"
                data-test="event-title"
              >
                <span>
                  <b>
                    VOD Scaduto
                  </b>
                </span>
              </p>
              <p
                class="MuiTypography-root MuiTypography-body1 MuiTypography-noWrap css-zy8lap-MuiTypography-root"
                data-test="event-startProgram"
              >
                24.12.2021 13:00
              </p>
              <p
                class="MuiTypography-root MuiTypography-body1 MuiTypography-noWrap css-zy8lap-MuiTypography-root"
                data-test="event-endProgram"
              >
                14.1.2022 16:00
              </p>
            </div>
            <div
              class="empity-slot css-lccpzd"
            >
              <div
                class="MuiBox-root css-1c6wt7s"
              >
                <div
                  class="MuiBox-root css-1agjfwn"
                >
                  <button
                    class="MuiButtonBase-root MuiIconButton-root MuiIconButton-sizeMedium css-78trlr-MuiButtonBase-root-MuiIconButton-root"
                    tabindex="0"
                    type="button"
                  >
                    <svg
                      aria-hidden="true"
                      class="MuiSvgIcon-root MuiSvgIcon-fontSizeLarge css-tzssek-MuiSvgIcon-root"
                      data-testid="AddCircleIcon"
                      focusable="false"
                      style="color: blue;"
                      viewBox="0 0 24 24"
                    >
                      <path
                        d="M12 2C6.48 2 2 6.48 2 12s4.48 10 10 10 10-4.48 10-10S17.52 2 12 2zm5 11h-4v4h-2v-4H7v-2h4V7h2v4h4v2z"
                      />
                    </svg>
                    <span
                      class="MuiTouchRipple-root css-8je8zh-MuiTouchRipple-root"
                    />
                  </button>
                </div>
              </div>
            </div>
          </div>
        </div>
        <div
          class="MuiGrid-root MuiGrid-item MuiGrid-grid-xs-12 css-1em9ut6-MuiGrid-root"
        >
          <div
            class="css-gg4vpm"
          >
            <button
              class="MuiButton-root MuiButton-contained MuiButton-containedPrimary MuiButton-sizeMedium MuiButton-containedSizeMedium MuiButtonBase-root  css-sghohy-MuiButtonBase-root-MuiButton-root"
              tabindex="0"
              type="button"
            >
              Clear
              <span
                class="MuiTouchRipple-root css-8je8zh-MuiTouchRipple-root"
              />
            </button>
            <button
              class="MuiLoadingButton-root MuiButton-root MuiButton-contained MuiButton-containedSuccess MuiButton-sizeMedium MuiButton-containedSizeMedium MuiButtonBase-root css-13m85cd-MuiButtonBase-root-MuiButton-root-MuiLoadingButton-root"
              tabindex="0"
              type="submit"
            >
              Update
              <span
                class="MuiTouchRipple-root css-8je8zh-MuiTouchRipple-root"
              />
            </button>
          </div>
        </div>
      </div>
    </form>
  </div>,
]
`;
