// Jest Snapshot v1, https://goo.gl/fbAQLP

exports[`Scheduler helpers should transform the given recommendations in the shape accepted by the scheduler 1`] = `
Array [
  Object {
    "end": "",
    "extraProps": Object {
      "cluster": "CL_CIN",
      "id": "4",
      "recommendation": Array [
        Object {
          "channel": "Sky Cinema HD",
          "id": "61GA",
          "linearSummaryLong": "Lorem Ipsum is simply dummy text of the printing and typesetting industry. Lorem Ipsum has been the industry's standard dummy text ever since the 1500s, when an unknown printer took a galley of type and scrambled it to make a type specimen book. It has survived not only five centuries, but also the leap into electronic typesetting, remaining essentially unchanged. It was popularised in the 1960s with the release of Letraset sheets containing Lorem Ipsum passages, and more recently with desktop publishing software like Aldus PageMaker including versions of Lorem Ipsum.",
          "position": "1",
          "resolution": "HD",
          "startProgram": "2021-12-26T15:00:00Z",
          "thumbnailType": "",
          "title": "Avatar",
          "type": "LIN",
          "verticalImageUrl": "",
        },
        Object {
          "channel": "Sky Cinema HD",
          "id": "61GK",
          "linearSummaryLong": "Lorem Ipsum is simply dummy text of the printing and typesetting industry. Lorem Ipsum has been the industry's standard dummy text ever since the 1500s, when an unknown printer took a galley of type and scrambled it to make a type specimen book. It has survived not only five centuries, but also the leap into electronic typesetting, remaining essentially unchanged. It was popularised in the 1960s with the release of Letraset sheets containing Lorem Ipsum passages, and more recently with desktop publishing software like Aldus PageMaker including versions of Lorem Ipsum.",
          "position": "1",
          "resolution": "SD",
          "startProgram": "2021-12-26T15:00:00Z",
          "thumbnailType": "",
          "title": "L'immortale",
          "type": "LIN",
          "verticalImageUrl": "",
        },
        Object {
          "channel": "Sky Cinema HD",
          "id": "61GP",
          "linearSummaryLong": "Lorem Ipsum is simply dummy text of the printing and typesetting industry. Lorem Ipsum has been the industry's standard dummy text ever since the 1500s, when an unknown printer took a galley of type and scrambled it to make a type specimen book. It has survived not only five centuries, but also the leap into electronic typesetting, remaining essentially unchanged. It was popularised in the 1960s with the release of Letraset sheets containing Lorem Ipsum passages, and more recently with desktop publishing software like Aldus PageMaker including versions of Lorem Ipsum.",
          "position": "2",
          "resolution": "HD",
          "startProgram": "2021-12-26T15:00:00Z",
          "thumbnailType": "",
          "title": "Avengers",
          "type": "LIN",
          "verticalImageUrl": "",
        },
        Object {
          "channel": "Sky Cinema HD",
          "id": "61GL",
          "linearSummaryLong": "Lorem Ipsum is simply dummy text of the printing and typesetting industry. Lorem Ipsum has been the industry's standard dummy text ever since the 1500s, when an unknown printer took a galley of type and scrambled it to make a type specimen book. It has survived not only five centuries, but also the leap into electronic typesetting, remaining essentially unchanged. It was popularised in the 1960s with the release of Letraset sheets containing Lorem Ipsum passages, and more recently with desktop publishing software like Aldus PageMaker including versions of Lorem Ipsum.",
          "position": "2",
          "resolution": "SD",
          "startProgram": "2021-12-26T15:00:00Z",
          "thumbnailType": "",
          "title": "Benvenuti al sud",
          "type": "LIN",
          "verticalImageUrl": "",
        },
      ],
      "type": "LIN",
      "validFrom": "",
      "validTo": "",
    },
    "id": "4",
    "resourceId": "lin-1",
    "start": "",
    "title": "LIN",
  },
  Object {
    "end": "",
    "extraProps": Object {
      "cluster": "CL_CIN",
      "id": "50",
      "recommendation": Array [
        Object {
          "channel": "Sky Cinema HD",
          "id": "61GA",
          "linearSummaryLong": "Lorem Ipsum is simply dummy text of the printing and typesetting industry. Lorem Ipsum has been the industry's standard dummy text ever since the 1500s, when an unknown printer took a galley of type and scrambled it to make a type specimen book. It has survived not only five centuries, but also the leap into electronic typesetting, remaining essentially unchanged. It was popularised in the 1960s with the release of Letraset sheets containing Lorem Ipsum passages, and more recently with desktop publishing software like Aldus PageMaker including versions of Lorem Ipsum.",
          "position": "1",
          "resolution": "HD",
          "startProgram": "2021-12-26T15:00:00Z",
          "thumbnailType": "",
          "title": "Avatar",
          "type": "LIN",
          "verticalImageUrl": "",
        },
        Object {
          "channel": "Sky Cinema HD",
          "id": "61GK",
          "linearSummaryLong": "Lorem Ipsum is simply dummy text of the printing and typesetting industry. Lorem Ipsum has been the industry's standard dummy text ever since the 1500s, when an unknown printer took a galley of type and scrambled it to make a type specimen book. It has survived not only five centuries, but also the leap into electronic typesetting, remaining essentially unchanged. It was popularised in the 1960s with the release of Letraset sheets containing Lorem Ipsum passages, and more recently with desktop publishing software like Aldus PageMaker including versions of Lorem Ipsum.",
          "position": "1",
          "resolution": "SD",
          "startProgram": "2021-12-26T15:00:00Z",
          "thumbnailType": "",
          "title": "L'immortale",
          "type": "LIN",
          "verticalImageUrl": "",
        },
        Object {
          "channel": "Sky Cinema HD",
          "id": "61GP",
          "linearSummaryLong": "Lorem Ipsum is simply dummy text of the printing and typesetting industry. Lorem Ipsum has been the industry's standard dummy text ever since the 1500s, when an unknown printer took a galley of type and scrambled it to make a type specimen book. It has survived not only five centuries, but also the leap into electronic typesetting, remaining essentially unchanged. It was popularised in the 1960s with the release of Letraset sheets containing Lorem Ipsum passages, and more recently with desktop publishing software like Aldus PageMaker including versions of Lorem Ipsum.",
          "position": "2",
          "resolution": "HD",
          "startProgram": "2021-12-26T15:00:00Z",
          "thumbnailType": "",
          "title": "Avengers",
          "type": "LIN",
          "verticalImageUrl": "",
        },
        Object {
          "channel": "Sky Cinema HD",
          "id": "61GL",
          "linearSummaryLong": "Lorem Ipsum is simply dummy text of the printing and typesetting industry. Lorem Ipsum has been the industry's standard dummy text ever since the 1500s, when an unknown printer took a galley of type and scrambled it to make a type specimen book. It has survived not only five centuries, but also the leap into electronic typesetting, remaining essentially unchanged. It was popularised in the 1960s with the release of Letraset sheets containing Lorem Ipsum passages, and more recently with desktop publishing software like Aldus PageMaker including versions of Lorem Ipsum.",
          "position": "2",
          "resolution": "SD",
          "startProgram": "2021-12-26T15:00:00Z",
          "thumbnailType": "",
          "title": "Benvenuti al sud",
          "type": "LIN",
          "verticalImageUrl": "",
        },
      ],
      "type": "LIN",
      "validFrom": "",
      "validTo": "",
    },
    "id": "50",
    "resourceId": "lin-1",
    "start": "",
    "title": "LIN",
  },
  Object {
    "end": "",
    "extraProps": Object {
      "cluster": "CL_NOT_CIN",
      "id": "35",
      "recommendation": Array [
        Object {
          "branding": "Sky Cinema HD",
          "endProgram": "2022-12-14T15:00:00Z",
          "id": "61GP6",
          "position": "1",
          "startProgram": "2022-01-24T12:00:00Z",
          "thumbnailType": "",
          "title": "L'isola che non c'è",
          "type": "VOD",
          "verticalImageUrl": "",
          "vodSummaryLong": "Lorem Ipsum is simply dummy text of the printing and typesetting industry. Lorem Ipsum has been the industry's standard dummy text ever since the 1500s, when an unknown printer took a galley of type and scrambled it to make a type specimen book. It has survived not only five centuries, but also the leap into electronic typesetting, remaining essentially unchanged. It was popularised in the 1960s with the release of Letraset sheets containing Lorem Ipsum passages, and more recently with desktop publishing software like Aldus PageMaker including versions of Lorem Ipsum.",
        },
        Object {
          "branding": "Sky Cinema HD",
          "endProgram": "2022-12-14T15:00:00Z",
          "id": "61GP6",
          "position": "2",
          "startProgram": "2022-01-24T12:00:00Z",
          "thumbnailType": "",
          "title": "L'isola che non c'è",
          "type": "VOD",
          "verticalImageUrl": "",
          "vodSummaryLong": "Lorem Ipsum is simply dummy text of the printing and typesetting industry. Lorem Ipsum has been the industry's standard dummy text ever since the 1500s, when an unknown printer took a galley of type and scrambled it to make a type specimen book. It has survived not only five centuries, but also the leap into electronic typesetting, remaining essentially unchanged. It was popularised in the 1960s with the release of Letraset sheets containing Lorem Ipsum passages, and more recently with desktop publishing software like Aldus PageMaker including versions of Lorem Ipsum.",
        },
        Object {
          "branding": "Sky Cinema HD",
          "endProgram": "2022-12-14T15:00:00Z",
          "id": "61GP6",
          "position": "3",
          "startProgram": "2022-01-24T12:00:00Z",
          "thumbnailType": "",
          "title": "L'isola che non c'è",
          "type": "VOD",
          "verticalImageUrl": "",
          "vodSummaryLong": "Lorem Ipsum is simply dummy text of the printing and typesetting industry. Lorem Ipsum has been the industry's standard dummy text ever since the 1500s, when an unknown printer took a galley of type and scrambled it to make a type specimen book. It has survived not only five centuries, but also the leap into electronic typesetting, remaining essentially unchanged. It was popularised in the 1960s with the release of Letraset sheets containing Lorem Ipsum passages, and more recently with desktop publishing software like Aldus PageMaker including versions of Lorem Ipsum.",
        },
        Object {
          "branding": "Sky Cinema HD",
          "endProgram": "2022-12-14T15:00:00Z",
          "id": "61GP6",
          "position": "4",
          "startProgram": "2022-01-24T12:00:00Z",
          "thumbnailType": "",
          "title": "L'isola che non c'è",
          "type": "VOD",
          "verticalImageUrl": "",
          "vodSummaryLong": "Lorem Ipsum is simply dummy text of the printing and typesetting industry. Lorem Ipsum has been the industry's standard dummy text ever since the 1500s, when an unknown printer took a galley of type and scrambled it to make a type specimen book. It has survived not only five centuries, but also the leap into electronic typesetting, remaining essentially unchanged. It was popularised in the 1960s with the release of Letraset sheets containing Lorem Ipsum passages, and more recently with desktop publishing software like Aldus PageMaker including versions of Lorem Ipsum.",
        },
        Object {
          "branding": "Sky Cinema HD",
          "endProgram": "2022-12-14T15:00:00Z",
          "id": "61GP6",
          "position": "5",
          "startProgram": "2022-01-24T12:00:00Z",
          "thumbnailType": "",
          "title": "L'isola che non c'è",
          "type": "VOD",
          "verticalImageUrl": "",
          "vodSummaryLong": "Lorem Ipsum is simply dummy text of the printing and typesetting industry. Lorem Ipsum has been the industry's standard dummy text ever since the 1500s, when an unknown printer took a galley of type and scrambled it to make a type specimen book. It has survived not only five centuries, but also the leap into electronic typesetting, remaining essentially unchanged. It was popularised in the 1960s with the release of Letraset sheets containing Lorem Ipsum passages, and more recently with desktop publishing software like Aldus PageMaker including versions of Lorem Ipsum.",
        },
      ],
      "type": "VOD",
      "validFrom": "",
      "validTo": "",
    },
    "id": "35",
    "resourceId": "vod-2",
    "start": "",
    "title": "VOD",
  },
  Object {
    "end": "",
    "extraProps": Object {
      "cluster": "CL_NOT_CIN",
      "id": "166",
      "recommendation": Array [
        Object {
          "branding": "Sky Cinema HD",
          "endProgram": "2022-12-14T15:00:00Z",
          "id": "61GP6",
          "position": "1",
          "startProgram": "2022-01-24T12:00:00Z",
          "thumbnailType": "",
          "title": "L'isola che non c'è",
          "type": "VOD",
          "verticalImageUrl": "",
          "vodSummaryLong": "Lorem Ipsum is simply dummy text of the printing and typesetting industry. Lorem Ipsum has been the industry's standard dummy text ever since the 1500s, when an unknown printer took a galley of type and scrambled it to make a type specimen book. It has survived not only five centuries, but also the leap into electronic typesetting, remaining essentially unchanged. It was popularised in the 1960s with the release of Letraset sheets containing Lorem Ipsum passages, and more recently with desktop publishing software like Aldus PageMaker including versions of Lorem Ipsum.",
        },
        Object {
          "branding": "Sky Cinema HD",
          "endProgram": "2022-12-14T15:00:00Z",
          "id": "61GP6",
          "position": "2",
          "startProgram": "2022-01-24T12:00:00Z",
          "thumbnailType": "",
          "title": "L'isola che non c'è",
          "type": "VOD",
          "verticalImageUrl": "",
          "vodSummaryLong": "Lorem Ipsum is simply dummy text of the printing and typesetting industry. Lorem Ipsum has been the industry's standard dummy text ever since the 1500s, when an unknown printer took a galley of type and scrambled it to make a type specimen book. It has survived not only five centuries, but also the leap into electronic typesetting, remaining essentially unchanged. It was popularised in the 1960s with the release of Letraset sheets containing Lorem Ipsum passages, and more recently with desktop publishing software like Aldus PageMaker including versions of Lorem Ipsum.",
        },
        Object {
          "branding": "Sky Cinema HD",
          "endProgram": "2022-12-14T15:00:00Z",
          "id": "61GP6",
          "position": "3",
          "startProgram": "2022-01-24T12:00:00Z",
          "thumbnailType": "",
          "title": "L'isola che non c'è",
          "type": "VOD",
          "verticalImageUrl": "",
          "vodSummaryLong": "Lorem Ipsum is simply dummy text of the printing and typesetting industry. Lorem Ipsum has been the industry's standard dummy text ever since the 1500s, when an unknown printer took a galley of type and scrambled it to make a type specimen book. It has survived not only five centuries, but also the leap into electronic typesetting, remaining essentially unchanged. It was popularised in the 1960s with the release of Letraset sheets containing Lorem Ipsum passages, and more recently with desktop publishing software like Aldus PageMaker including versions of Lorem Ipsum.",
        },
        Object {
          "branding": "Sky Cinema HD",
          "endProgram": "2022-12-14T15:00:00Z",
          "id": "61GP6",
          "position": "4",
          "startProgram": "2022-01-24T12:00:00Z",
          "thumbnailType": "",
          "title": "L'isola che non c'è",
          "type": "VOD",
          "verticalImageUrl": "",
          "vodSummaryLong": "Lorem Ipsum is simply dummy text of the printing and typesetting industry. Lorem Ipsum has been the industry's standard dummy text ever since the 1500s, when an unknown printer took a galley of type and scrambled it to make a type specimen book. It has survived not only five centuries, but also the leap into electronic typesetting, remaining essentially unchanged. It was popularised in the 1960s with the release of Letraset sheets containing Lorem Ipsum passages, and more recently with desktop publishing software like Aldus PageMaker including versions of Lorem Ipsum.",
        },
        Object {
          "branding": "Sky Cinema HD",
          "endProgram": "2022-12-14T15:00:00Z",
          "id": "61GP6",
          "position": "5",
          "startProgram": "2022-01-24T12:00:00Z",
          "thumbnailType": "",
          "title": "L'isola che non c'è",
          "type": "VOD",
          "verticalImageUrl": "",
          "vodSummaryLong": "Lorem Ipsum is simply dummy text of the printing and typesetting industry. Lorem Ipsum has been the industry's standard dummy text ever since the 1500s, when an unknown printer took a galley of type and scrambled it to make a type specimen book. It has survived not only five centuries, but also the leap into electronic typesetting, remaining essentially unchanged. It was popularised in the 1960s with the release of Letraset sheets containing Lorem Ipsum passages, and more recently with desktop publishing software like Aldus PageMaker including versions of Lorem Ipsum.",
        },
      ],
      "type": "VOD",
      "validFrom": "",
      "validTo": "",
    },
    "id": "166",
    "resourceId": "vod-2",
    "start": "",
    "title": "VOD",
  },
]
`;
