// Jest Snapshot v1, https://goo.gl/fbAQLP

exports[`NoMatch page should render 1`] = `HTMLCollection []`;
